SQL> -- 71. WAQTD SMITH�S REPORTING MANAGER�S NAME
SQL> SELECT ENAME
  2  FROM EMP
  3  WHERE EMPNO =
  4  (SELECT MGR
  5  FROM EMP WHERE ENAME = 'SMITH');

ENAME                                                                                                                                                                                                   
----------                                                                                                                                                                                              
FORD                                                                                                                                                                                                    

SQL> -- 72. WAQTD ADAMS MANAGER�S MANAGER NAME
SQL> SELECT ENAME
  2  FROM EMP
  3  WHERE EMPNO = ( SELECT MGR
  4   FROM EMP
  5  WHERE ENAME = 'ADAM');

no rows selected

SQL> ED
Wrote file afiedt.buf

  1  SELECT ENAME
  2  FROM EMP
  3  WHERE EMPNO = ( SELECT MGR
  4   FROM EMP
  5* WHERE ENAME = 'ADAMS')
SQL> /

ENAME                                                                                                                                                                                                   
----------                                                                                                                                                                                              
SCOTT                                                                                                                                                                                                   

SQL> -- 73. WAQTD DNAME OF JONES� MANAGER
SQL> SELECT DNAME
  2  FROM DEPT
  3  WHERE DEPTNO = (SELECT DEPTNO
  4  FROM EMP
  5  WHERE EMPNO = (SELECT MGR
  6  FROM EMP
  7  WHERE ENAME = 'JONES'));

DNAME                                                                                                                                                                                                   
--------------                                                                                                                                                                                          
ACCOUNTING                                                                                                                                                                                              

SQL> -- 74. WAQTD MILLER�S MANAGER�S SALARY
SQL> SELECT SAL
  2  FROM EMP
  3  WHERE EMPNO = (SELECT MGR\
  4  FROM EMP
  5  WHERE ENAME = 'MILLER');
WHERE EMPNO = (SELECT MGR\
                         *
ERROR at line 3:
ORA-00911: invalid character 


SQL> ED
Wrote file afiedt.buf

  1  SELECT SAL
  2  FROM EMP
  3  WHERE EMPNO = (SELECT MGR
  4  FROM EMP
  5* WHERE ENAME = 'MILLER')
SQL> /

       SAL                                                                                                                                                                                              
----------                                                                                                                                                                                              
      2450                                                                                                                                                                                              

SQL> -- 75. WAQTD LOC OF SMITH�S MANAGER�S MANAGER
SQL> SELECT LOC
  2  FROM DEPT
  3  WHERE DEPTNO = (SELECT DEPTNO
  4  FROM EMP
  5  WHERE EMPNO = (SELECT MGR
  6  FROM EMP
  7  WHERE ENAME = 'SMITH'));

LOC                                                                                                                                                                                                     
-------------                                                                                                                                                                                           
DALLAS                                                                                                                                                                                                  

SQL> -- 76. WAQTD NAME OF THE EMPLOYEES REPORTING TO BLAKE
SQL> SELECT ENAME
  2  FROM EMP
  3  WHERE MGR = (SELECT EMPNO FROM EMP
  4  WHERE ENAME = 'BLAKE');

ENAME                                                                                                                                                                                                   
----------                                                                                                                                                                                              
ALLEN                                                                                                                                                                                                   
WARD                                                                                                                                                                                                    
MARTIN                                                                                                                                                                                                  
TURNER                                                                                                                                                                                                  
JAMES                                                                                                                                                                                                   

SQL> -- 77. WAQTD NUMBER OF EMPLOYEES REPORTING TO KING
SQL> SELECT COUNT(*)
  2  FROM EMP
  3  WHERE MGR = (SELECT EMP
  4  FROM EMP
  5  WHERE ENAME = 'KING');
WHERE MGR = (SELECT EMP
                    *
ERROR at line 3:
ORA-00904: "EMP": invalid identifier 


SQL> ED
Wrote file afiedt.buf

  1  SELECT COUNT(*)
  2  FROM EMP
  3  WHERE MGR = (SELECT EMPNO
  4  FROM EMP
  5* WHERE ENAME = 'KING')
SQL> /

  COUNT(*)                                                                                                                                                                                              
----------                                                                                                                                                                                              
         3                                                                                                                                                                                              

SQL> -- 78. WAQTD DETAILS OF THE EMPLOYEES REPORTING TO JONES
SQL> SELECT *
  2  FROM EMP
  3  WHERE MGR = (SELECT EMPNO
  4  FROM EMP
  5  WHERE ENAME = 'JONES');

     EMPNO ENAME      JOB              MGR HIREDATE         SAL       COMM     DEPTNO                                                                                                                   
---------- ---------- --------- ---------- --------- ---------- ---------- ----------                                                                                                                   
      7788 SCOTT      ANALYST         7566 19-APR-87       3000                    20                                                                                                                   
      7902 FORD       ANALYST         7566 03-DEC-81       3000                    20                                                                                                                   

SQL>   -- 79. WAQTD ENAMES OF THE EMPLOYEES REPORTING TO BLAKE�S MANAGER
SQL> SELECT ENAME
  2  FROM EMP
  3  WHERE MGR = (SELECT EMPNO
  4  FROM EMP
  5  WHERE EMPNO = (SELECT MGR
  6  FROM EMP
  7  WHERE ENAME = 'BLAKE'));

ENAME                                                                                                                                                                                                   
----------                                                                                                                                                                                              
JONES                                                                                                                                                                                                   
BLAKE                                                                                                                                                                                                   
CLARK                                                                                                                                                                                                   

SQL> ED
Wrote file afiedt.buf

  1  SELECT ENAME
  2  FROM EMP
  3  WHERE MGR = (SELECT MGR
  4  FROM EMP
  5* WHERE ENAME = 'BLAKE')
SQL> /

ENAME                                                                                                                                                                                                   
----------                                                                                                                                                                                              
JONES                                                                                                                                                                                                   
BLAKE                                                                                                                                                                                                   
CLARK                                                                                                                                                                                                   

SQL> -- 80. WAQTD NUMBER OF EMPLOYEES REPORTING TO FORD�S MANAGER
SQL> ED
Wrote file afiedt.buf

  1  SELECT COUNT(*)
  2  FROM EMP
  3  WHERE MGR = (SELECT MGR
  4  FROM EMP
  5* WHERE ENAME ='FORD')
SQL> /

  COUNT(*)                                                                                                                                                                                              
----------                                                                                                                                                                                              
         2                                                                                                                                                                                              

SQL> SPOOL OFF
